0:0:0:0:0:0:0:1 - - [04/Aug/2025:14:00:29 +0700] "GET / HTTP/1.1" 200 924
0:0:0:0:0:0:0:1 - - [04/Aug/2025:14:00:29 +0700] "GET /css/bootstrap.min.css HTTP/1.1" 200 83054
0:0:0:0:0:0:0:1 - - [04/Aug/2025:14:00:30 +0700] "GET /favicon.ico HTTP/1.1" 400 7858
0:0:0:0:0:0:0:1 - - [04/Aug/2025:14:00:32 +0700] "GET /?form HTTP/1.1" 200 1075
0:0:0:0:0:0:0:1 - - [04/Aug/2025:14:00:32 +0700] "GET /css/bootstrap.min.css HTTP/1.1" 200 83054
0:0:0:0:0:0:0:1 - - [04/Aug/2025:14:00:32 +0700] "GET /favicon.ico HTTP/1.1" 400 7858
0:0:0:0:0:0:0:1 - - [04/Aug/2025:14:00:38 +0700] "POST /?form HTTP/1.1" 302 -
0:0:0:0:0:0:0:1 - - [04/Aug/2025:14:00:39 +0700] "GET /1 HTTP/1.1" 200 1054
0:0:0:0:0:0:0:1 - - [04/Aug/2025:14:00:39 +0700] "GET /css/bootstrap.min.css HTTP/1.1" 200 83054
0:0:0:0:0:0:0:1 - - [04/Aug/2025:14:00:39 +0700] "GET /favicon.ico HTTP/1.1" 400 7858
0:0:0:0:0:0:0:1 - - [04/Aug/2025:14:00:40 +0700] "GET /modify/1 HTTP/1.1" 200 1110
0:0:0:0:0:0:0:1 - - [04/Aug/2025:14:00:41 +0700] "GET /css/bootstrap.min.css HTTP/1.1" 200 83054
0:0:0:0:0:0:0:1 - - [04/Aug/2025:14:00:41 +0700] "GET /favicon.ico HTTP/1.1" 400 7858
0:0:0:0:0:0:0:1 - - [04/Aug/2025:14:00:47 +0700] "POST /?form HTTP/1.1" 302 -
0:0:0:0:0:0:0:1 - - [04/Aug/2025:14:00:47 +0700] "GET /1 HTTP/1.1" 200 1047
0:0:0:0:0:0:0:1 - - [04/Aug/2025:14:00:47 +0700] "GET /css/bootstrap.min.css HTTP/1.1" 200 83054
0:0:0:0:0:0:0:1 - - [04/Aug/2025:14:00:47 +0700] "GET /favicon.ico HTTP/1.1" 400 7858
0:0:0:0:0:0:0:1 - - [04/Aug/2025:14:00:50 +0700] "GET / HTTP/1.1" 200 987
0:0:0:0:0:0:0:1 - - [04/Aug/2025:14:00:50 +0700] "GET /css/bootstrap.min.css HTTP/1.1" 200 83054
0:0:0:0:0:0:0:1 - - [04/Aug/2025:14:00:50 +0700] "GET /favicon.ico HTTP/1.1" 400 7858
